// Jest Snapshot v1, https://goo.gl/fbAQLP

exports[`Pruebas en <GifItem/> debe hacer match con snapshop  1`] = `
<div>
  <div
    class="card"
  >
    <img
      alt="Hola"
      height="300"
      src="https://example.com/hola.jpg"
      width="150"
    />
    <p>
      Hola
    </p>
  </div>
</div>
`;
